<?xml version="1.0" encoding="UTF-8" standalone="no"?>
<mappingRoot xmlns="http://www.ibm.com/2008/ccl/Mapping" xmlns:map="default" domainID="com.ibm.msl.mapping.xml" domainIDExtension="mb" mainMap="true" targetNamespace="default" version="8.0.5.0">
    <inlinedXMLSchema><![CDATA[<?xml version="1.0" encoding="UTF-8" standalone="no"?>
<xsd:schema xmlns:xsd="http://www.w3.org/2001/XMLSchema">
                
  
  
  
  
  
  <xsd:element name="trx-id" type="xsd:string"/>
                
  
  
  
  
  
  <xsd:element name="id" type="xsd:string"/>
            





</xsd:schema>
]]></inlinedXMLSchema>
    <input path="jar:file://!com/ibm/etools/mft/map/xsds/predefined/JsonDomainMsg.xsd" var="var"/>
    <input derivedFrom="MB:JSON_schema_in_swagger_document" path="/openapi.json" var="var1"/>
    <input inlinedXMLSchema="true" path="../schema_0.xsd" var="var2"/>
    <output path="mbsharedlib://ace_demo_dfdl/dfdls/REQUEST/REQUEST.xsd" var="var4"/>
    <imports>
        <import kind="esql" namespace="/util.esql"/>
    </imports>
    <namespaces>
        <namespace kind="supplement" prefix="in" uri="http://www.ibm.com/iib/msl/json"/>
        <namespace kind="supplement" prefix="out2" uri="http://www.ibm.com/dfdl/Cabecera_Type"/>
        <namespace kind="supplement" prefix="out" uri="http://www.ibm.com/dfdl/CLIENTE_CONSULTA_SOLICITUD_Type"/>
        <namespace kind="supplement" prefix="out3" uri="http://www.ibm.com/dfdl/FACTURA_CONSULTA_SOLICITUD_Type"/>
        <namespace kind="extension" prefix="fn" uri="http://www.w3.org/2005/xpath-functions"/>
        <namespace kind="extension" prefix="xs" uri="http://www.w3.org/2001/XMLSchema"/>
        <namespace kind="extension" prefix="util" uri="/util.esql"/>
    </namespaces>
    <generation engine="xquery"/>
    <mappingDeclaration name="cliente_consulta_solicitud">
        <input namespace="http://www.ibm.com/iib/msl/json" path="$var/mb:msg(JSON,assembly,JSON,LocalEnvironment,Properties)" var="ComIbmMessageAssembly_JSON">
            <cast derivedFrom="MB:JSON_operation_request" path="$ComIbmMessageAssembly_JSON/JSON/Data/type('anyType')" qualifier="{http://www.ibm.com/iib/msl/json}Cliente" ref="var1" var="anyType"/>
            <cast castType="userDefined" path="$ComIbmMessageAssembly_JSON/LocalEnvironment/REST/Input/Parameters/any" qualifier="id" ref="var2"/>
            <cast castType="userDefined" path="$ComIbmMessageAssembly_JSON/LocalEnvironment/REST/Input/Parameters/any" qualifier="trx-id" ref="var2"/>
        </input>
        <output path="$var4/mb:msg(ACEDEMO_REQUEST,assembly,DFDL,Properties)" var="ComIbmMessageAssembly_ACEDEMO_REQUEST"/>
        <move>
            <input path="$ComIbmMessageAssembly_JSON/Properties"/>
            <output path="$ComIbmMessageAssembly_ACEDEMO_REQUEST/Properties"/>
            <override>
                <assign value="{ace_demo_dfdl}">
                    <output path="$ComIbmMessageAssembly_ACEDEMO_REQUEST/Properties/MessageSet"/>
                </assign>
                <assign value="{}:ACEDEMO_REQUEST">
                    <output path="$ComIbmMessageAssembly_ACEDEMO_REQUEST/Properties/MessageType"/>
                </assign>
            </override>
        </move>
        <assign value="0001">
            <output path="$ComIbmMessageAssembly_ACEDEMO_REQUEST/ACEDEMO_REQUEST/CABECERA/TIPO_TRANSACCION"/>
        </assign>
        <move>
            <input path="$ComIbmMessageAssembly_JSON/LocalEnvironment/REST/Input/Parameters/id[1]" var="id"/>
            <output path="$ComIbmMessageAssembly_ACEDEMO_REQUEST/ACEDEMO_REQUEST/CLIENTE_CONSULTA_SOLICITUD/CEDULA"/>
        </move>
        <move>
            <input path="$ComIbmMessageAssembly_JSON/LocalEnvironment/REST/Input/Parameters/trx-id[1]" var="trx-id"/>
            <output path="$ComIbmMessageAssembly_ACEDEMO_REQUEST/ACEDEMO_REQUEST/CABECERA/TRANSACCION_ID"/>
        </move>
        <function ref="fn:dateTime">
            <output path="$ComIbmMessageAssembly_ACEDEMO_REQUEST/ACEDEMO_REQUEST/CABECERA/FECHA_TIEMPO"/>
            <param name="date" value="fn:current-date()"/>
            <param name="time" value="fn:current-time()"/>
        </function>
    </mappingDeclaration>
</mappingRoot>
